src/components/ui/data-table.tsx(13,37): error TS6133: 'ArrowUpDown' is declared but its value is never read.
src/components/ui/data-table.tsx(14,1): error TS6133: 'clsx' is declared but its value is never read.
src/components/ui/data-table.tsx(15,1): error TS6133: 'twMerge' is declared but its value is never read.
src/components/ui/modal.tsx(4,1): error TS6133: 'clsx' is declared but its value is never read.
src/pages/academics/ClassSubjectsPage.tsx(2,16): error TS6133: 'Edit2' is declared but its value is never read.
src/pages/academics/TeachersTimetablePage.tsx(93,11): error TS6133: 'printRef' is declared but its value is never read.
src/pages/academics/TeachersTimetablePage.tsx(267,87): error TS6133: 'idx' is declared but its value is never read.
src/pages/finance/components/ReceiptTemplate.tsx(1,8): error TS6133: 'React' is declared but its value is never read.
src/pages/finance/components/ReceiptTemplate.tsx(4,1): error TS6133: 'clsx' is declared but its value is never read.
src/pages/finance/components/ReceiptTemplate.tsx(26,9): error TS6133: 'borderColor' is declared but its value is never read.
src/pages/finance/DebtorsListPage.tsx(1,8): error TS6133: 'React' is declared but its value is never read.
src/pages/finance/DebtorsListPage.tsx(15,3): error TS6133: 'MoreHorizontal' is declared but its value is never read.
src/pages/finance/DebtorsListPage.tsx(395,57): error TS2339: Property 'env' does not exist on type 'ImportMeta'.
src/pages/finance/DebtorsListPage.tsx(657,65): error TS2339: Property 'env' does not exist on type 'ImportMeta'.
src/pages/finance/DiscountsPage.tsx(16,3): error TS6133: 'Edit2' is declared but its value is never read.
src/pages/finance/FeesHistoryPage.tsx(1,8): error TS6133: 'React' is declared but its value is never read.
src/pages/finance/FeesHistoryPage.tsx(16,3): error TS6133: 'MoreHorizontal' is declared but its value is never read.
src/pages/finance/FeesHistoryPage.tsx(73,16): error TS6133: 'setType' is declared but its value is never read.
src/pages/finance/FeesHistoryPage.tsx(198,9): error TS6133: 'getStatusIcon' is declared but its value is never read.
src/pages/finance/FeesHistoryPage.tsx(198,34): error TS2552: Cannot find name 'TransactionType'. Did you mean 'Transaction'?
src/pages/hr/PayrollPage.tsx(3,5): error TS6133: 'Users' is declared but its value is never read.
src/pages/hr/PayrollPage.tsx(5,5): error TS6133: 'Filter' is declared but its value is never read.
src/pages/hr/PayrollPage.tsx(7,5): error TS6133: 'Download' is declared but its value is never read.
src/pages/hr/PayrollPage.tsx(10,5): error TS6133: 'XCircle' is declared but its value is never read.
src/pages/hr/PayrollPage.tsx(16,5): error TS6133: 'History' is declared but its value is never read.
src/pages/hr/StaffDirectoryPage.tsx(2,42): error TS6133: 'UserX' is declared but its value is never read.
src/pages/hr/StaffDirectoryPage.tsx(2,161): error TS6133: 'Calendar' is declared but its value is never read.
src/pages/hr/StaffDirectoryPage.tsx(759,80): error TS2339: Property 'otherDocuments' does not exist on type 'Staff'.
src/pages/hr/StaffDirectoryPage.tsx(759,111): error TS2339: Property 'otherDocuments' does not exist on type 'Staff'.
src/pages/hr/StaffDirectoryPage.tsx(761,87): error TS2339: Property 'otherDocuments' does not exist on type 'Staff'.
src/pages/hr/StaffDirectoryPage.tsx(1124,71): error TS2339: Property 'otherDocuments' does not exist on type 'Staff'.
src/pages/hr/StaffDirectoryPage.tsx(1124,92): error TS7006: Parameter 'doc' implicitly has an 'any' type.
src/pages/hr/StaffDirectoryPage.tsx(1124,97): error TS7006: Parameter 'idx' implicitly has an 'any' type.
src/pages/students/StudentDirectory.tsx(4,29): error TS6133: 'UserPlus' is declared but its value is never read.
src/pages/students/StudentDirectory.tsx(4,39): error TS6133: 'Filter' is declared but its value is never read.
src/pages/students/StudentDirectory.tsx(4,106): error TS6133: 'Mail' is declared but its value is never read.
src/pages/students/StudentDirectory.tsx(4,112): error TS6133: 'MapPin' is declared but its value is never read.
src/pages/students/StudentProfile.tsx(5,16): error TS6133: 'Mail' is declared but its value is never read.
src/pages/students/StudentProfile.tsx(5,22): error TS6133: 'Phone' is declared but its value is never read.
src/pages/students/StudentProfile.tsx(5,29): error TS6133: 'MapPin' is declared but its value is never read.
src/pages/students/StudentProfile.tsx(5,63): error TS6133: 'Building2' is declared but its value is never read.
src/pages/students/StudentProfile.tsx(6,5): error TS6133: 'Users' is declared but its value is never read.
src/pages/students/StudentProfile.tsx(7,52): error TS6133: 'Heart' is declared but its value is never read.
src/pages/students/StudentProfile.tsx(7,59): error TS6133: 'Menu' is declared but its value is never read.
src/pages/students/StudentRatingPage.tsx(5,5): error TS6133: 'Plus' is declared but its value is never read.
src/pages/students/StudentRatingPage.tsx(6,5): error TS6133: 'User' is declared but its value is never read.
