
> sms-backend@1.0.0 build
> nest build

node.exe : [96msrc/module
s/auth/auth.module.ts[0m:
[93m13[0m:[93m45[0m - 
[91merror[0m[90m 
TS2307: [0mCannot find 
module '../communication/i
nternal-communication.modu
le' or its corresponding 
type declarations.
At line:1 char:1
+ & "C:\Program 
Files\nodejs/node.exe" 
"C:\Program 
Files\nodejs/node_mo ...
+ ~~~~~~~~~~~~~~~~~~~~~~~~
~~~~~~~~~~~~~~~~~~~~~~~~~~
~~~~~~~~~~~~~~~~~~~
    + CategoryInfo        
      : NotSpecified: (  
  [96msrc/module...e de   
 clarations.:String) [    
], RemoteException
    + FullyQualifiedError 
   Id : NativeCommandErr  
  or
 

[7m13[0m import { Intern
alCommunicationModule } 
from '../communication/int
ernal-communication.module
';
[7m  [0m [91m          
                          
        ~~~~~~~~~~~~~~~~~~
~~~~~~~~~~~~~~~~~~~~~~~~~~
~~~~[0m
[96msrc/modules/auth/auth
.service.ts[0m:[93m10[0
m:[93m30[0m - 
[91merror[0m[90m 
TS2307: [0mCannot find 
module '@modules/communica
tion/email.service' or 
its corresponding type 
declarations.

[7m10[0m import { 
EmailService } from '@modu
les/communication/email.se
rvice';
[7m  [0m [91m          
                   ~~~~~~~
~~~~~~~~~~~~~~~~~~~~~~~~~~
~~~~~[0m
[96msrc/modules/auth/auth
.service.ts[0m:[93m50[0
m:[93m15[0m - 
[91merror[0m[90m 
TS7006: [0mParameter 
'err' implicitly has an 
'any' type.

[7m50[0m       
.catch((err) => 
this.logger.error('Failed 
to send registration 
email', err));
[7m  [0m [91m          
    ~~~[0m
[96msrc/modules/communica
tion/communication.module.
ts[0m:[93m14[0m:[93m45
[0m - 
[91merror[0m[90m 
TS2307: [0mCannot find 
module './internal-communi
cation.module' or its 
corresponding type 
declarations.

[7m14[0m import { Intern
alCommunicationModule } 
from './internal-communica
tion.module';
[7m  [0m [91m          
                          
        ~~~~~~~~~~~~~~~~~~
~~~~~~~~~~~~~~~[0m
[96msrc/modules/communica
tion/services/broadcast.se
rvice.ts[0m:[93m8[0m:[
93m30[0m - 
[91merror[0m[90m 
TS2307: [0mCannot find 
module '../email.service' 
or its corresponding type 
declarations.

[7m8[0m import { 
EmailService } from 
'../email.service';
[7m [0m [91m           
                  
~~~~~~~~~~~~~~~~~~[0m
[96msrc/modules/communica
tion/services/broadcast.se
rvice.ts[0m:[93m9[0m:[
93m28[0m - 
[91merror[0m[90m 
TS2307: [0mCannot find 
module '../sms.service' 
or its corresponding type 
declarations.

[7m9[0m import { 
SmsService } from 
'../sms.service';
[7m [0m [91m           
                
~~~~~~~~~~~~~~~~[0m
[96msrc/modules/finance/s
ervices/fees.service.ts[0
m:[93m27[0m:[93m30[0m 
- [91merror[0m[90m 
TS2307: [0mCannot find 
module '../../communicatio
n/email.service' or its 
corresponding type 
declarations.

[7m27[0m import { 
EmailService } from '../..
/communication/email.servi
ce';
[7m  [0m [91m          
                   ~~~~~~~
~~~~~~~~~~~~~~~~~~~~~~~~~~
~~[0m
[96msrc/modules/finance/s
ervices/fees.service.ts[0
m:[93m28[0m:[93m28[0m 
- [91merror[0m[90m 
TS2307: [0mCannot find 
module '../../communicatio
n/sms.service' or its 
corresponding type 
declarations.

[7m28[0m import { 
SmsService } from '../../c
ommunication/sms.service';
[7m  [0m [91m          
                 ~~~~~~~~~
~~~~~~~~~~~~~~~~~~~~~~~~[
0m
[96msrc/modules/homework/
services/homework.service.
ts[0m:[93m8[0m:[93m30
[0m - [91merror[0m[90m 
TS2307: [0mCannot find 
module '../../communicatio
n/email.service' or its 
corresponding type 
declarations.

[7m8[0m import { 
EmailService } from '../..
/communication/email.servi
ce';
[7m [0m [91m           
                  ~~~~~~~~
~~~~~~~~~~~~~~~~~~~~~~~~~~
~[0m
[96msrc/modules/online-cl
asses/services/online-clas
ses.service.ts[0m:[93m7
[0m:[93m30[0m - 
[91merror[0m[90m 
TS2307: [0mCannot find 
module '../../communicatio
n/email.service' or its 
corresponding type 
declarations.

[7m7[0m import { 
EmailService } from '../..
/communication/email.servi
ce';
[7m [0m [91m           
                  ~~~~~~~~
~~~~~~~~~~~~~~~~~~~~~~~~~~
~[0m
[96msrc/modules/students/
services/students.service.
ts[0m:[93m22[0m:[93m30
[0m - 
[91merror[0m[90m 
TS2307: [0mCannot find 
module '../../communicatio
n/email.service' or its 
corresponding type 
declarations.

[7m22[0m import { 
EmailService } from '../..
/communication/email.servi
ce';
[7m  [0m [91m          
                   ~~~~~~~
~~~~~~~~~~~~~~~~~~~~~~~~~~
~~[0m
[96msrc/modules/students/
services/students.service.
ts[0m:[93m23[0m:[93m28
[0m - 
[91merror[0m[90m 
TS2307: [0mCannot find 
module '../../communicatio
n/sms.service' or its 
corresponding type 
declarations.

[7m23[0m import { 
SmsService } from '../../c
ommunication/sms.service';
[7m  [0m [91m          
                 ~~~~~~~~~
~~~~~~~~~~~~~~~~~~~~~~~~[
0m
[96msrc/modules/system/se
rvices/users.service.ts[0
m:[93m9[0m:[93m30[0m 
- [91merror[0m[90m 
TS2307: [0mCannot find 
module '../../communicatio
n/email.service' or its 
corresponding type 
declarations.

[7m9[0m import { 
EmailService } from '../..
/communication/email.servi
ce';
[7m [0m [91m           
                  ~~~~~~~~
~~~~~~~~~~~~~~~~~~~~~~~~~~
~[0m

Found 13 error(s).

