
> sms-backend@1.0.0 build
> nest build

node.exe : [96msrc/modules/aca
demics/services/timetable.servi
ce.ts[0m:[93m365[0m:[93m40
[0m - [91merror[0m[90m 
TS2339: [0mProperty 
'systemSettingsService' does 
not exist on type 
'TimetableService'.
At line:1 char:1
+ & "C:\Program 
Files\nodejs/node.exe" 
"C:\Program 
Files\nodejs/node_mo ...
+ ~~~~~~~~~~~~~~~~~~~~~~~~~~~~~
~~~~~~~~~~~~~~~~~~~~~~~~~~~~~~~
~~~~~~~~~
    + CategoryInfo          :  
   NotSpecified: ([96msrc/mo  
  dule...etableService'.:Str   
 ing) [], RemoteException
    + FullyQualifiedErrorId :  
   NativeCommandError
 

[7m365[0m                 
sessionId: (await this.systemSe
ttingsService.getActiveSessionI
d()) || undefined
[7m   [0m [91m              
                         
~~~~~~~~~~~~~~~~~~~~~[0m
[96msrc/modules/examination/co
ntrollers/score-entry.controlle
r.ts[0m:[93m18[0m:[93m34[0
m - [91merror[0m[90m 
TS2339: [0mProperty 
'getMarks' does not exist on 
type 'ScoreEntryService'.

[7m18[0m         return this.
entryService.getMarks(examId, 
req.user.tenantId, 
assessmentTypeId);
[7m  [0m [91m               
                  ~~~~~~~~[0m
[96msrc/modules/examination/co
ntrollers/score-entry.controlle
r.ts[0m:[93m23[0m:[93m34[0
m - [91merror[0m[90m 
TS2339: [0mProperty 
'getClassMarks' does not exist 
on type 'ScoreEntryService'.

[7m23[0m         return this.
entryService.getClassMarks(clas
sId, examGroupId, 
req.user.tenantId);
[7m  [0m [91m               
                  
~~~~~~~~~~~~~[0m
[96msrc/modules/examination/co
ntrollers/score-entry.controlle
r.ts[0m:[93m28[0m:[93m34[0
m - [91merror[0m[90m 
TS2339: [0mProperty 
'saveSkills' does not exist on 
type 'ScoreEntryService'.

[7m28[0m         return this.
entryService.saveSkills(dto, 
req.user.tenantId);
[7m  [0m [91m               
                  
~~~~~~~~~~[0m
[96msrc/modules/examination/co
ntrollers/score-entry.controlle
r.ts[0m:[93m33[0m:[93m34[0
m - [91merror[0m[90m 
TS2339: [0mProperty 
'getSkills' does not exist on 
type 'ScoreEntryService'.

[7m33[0m         return this.
entryService.getSkills(examGrou
pId, req.user.tenantId);
[7m  [0m [91m               
                  ~~~~~~~~~[0m
[96msrc/modules/examination/co
ntrollers/score-entry.controlle
r.ts[0m:[93m38[0m:[93m34[0
m - [91merror[0m[90m 
TS2339: [0mProperty 
'savePsychomotor' does not 
exist on type 
'ScoreEntryService'.

[7m38[0m         return this.
entryService.savePsychomotor(dt
o, req.user.tenantId);
[7m  [0m [91m               
                  
~~~~~~~~~~~~~~~[0m
[96msrc/modules/examination/co
ntrollers/score-entry.controlle
r.ts[0m:[93m43[0m:[93m34[0
m - [91merror[0m[90m 
TS2339: [0mProperty 
'getPsychomotor' does not 
exist on type 
'ScoreEntryService'.

[7m43[0m         return this.
entryService.getPsychomotor(exa
mGroupId, req.user.tenantId);
[7m  [0m [91m               
                  
~~~~~~~~~~~~~~[0m
[96msrc/modules/examination/en
tities/exam-group.entity.ts[0m
:[93m46[0m:[93m6[0m - 
[91merror[0m[90m TS2304: 
[0mCannot find name 
'ManyToOne'.

[7m46[0m     @ManyToOne(() 
=> AcademicSession)
[7m  [0m [91m     
~~~~~~~~~[0m
[96msrc/modules/examination/en
tities/exam-group.entity.ts[0m
:[93m47[0m:[93m6[0m - 
[91merror[0m[90m TS2304: 
[0mCannot find name 
'JoinColumn'.

[7m47[0m     @JoinColumn({ 
name: 'sessionId' })
[7m  [0m [91m     
~~~~~~~~~~[0m
[96msrc/modules/examination/se
rvices/score-entry.service.ts[
0m:[93m100[0m:[93m33[0m - 
[91merror[0m[90m TS2552: 
[0mCannot find name 'examId'. 
Did you mean 'Exam'?

[7m100[0m         const 
criteria: any = { examId, 
tenantId };
[7m   [0m [91m              
                  ~~~~~~[0m
[96msrc/modules/examination/se
rvices/score-entry.service.ts[
0m:[93m100[0m:[93m41[0m - 
[91merror[0m[90m TS18004: 
[0mNo value exists in scope 
for the shorthand property 
'tenantId'. Either declare one 
or provide an initializer.

[7m100[0m         const 
criteria: any = { examId, 
tenantId };
[7m   [0m [91m              
                          
~~~~~~~~[0m
[96msrc/modules/examination/se
rvices/score-entry.service.ts[
0m:[93m101[0m:[93m9[0m - 
[91merror[0m[90m TS2391: 
[0mFunction implementation is 
missing or not immediately 
following the declaration.

[7m101[0m         if 
(sessionId) criteria.sessionId 
= sessionId;
[7m   [0m [91m        ~~[0m
[96msrc/modules/examination/se
rvices/score-entry.service.ts[
0m:[93m101[0m:[93m9[0m - 
[91merror[0m[90m TS7010: 
[0m'if', which lacks 
return-type annotation, 
implicitly has an 'any' return 
type.

[7m101[0m         if 
(sessionId) criteria.sessionId 
= sessionId;
[7m   [0m [91m        ~~[0m
[96msrc/modules/examination/se
rvices/score-entry.service.ts[
0m:[93m101[0m:[93m13[0m - 
[91merror[0m[90m TS7006: 
[0mParameter 'sessionId' 
implicitly has an 'any' type.

[7m101[0m         if 
(sessionId) criteria.sessionId 
= sessionId;
[7m   [0m [91m            
~~~~~~~~~[0m
[96msrc/modules/examination/se
rvices/score-entry.service.ts[
0m:[93m101[0m:[93m24[0m - 
[91merror[0m[90m TS1144: 
[0m'{' or ';' expected.

[7m101[0m         if 
(sessionId) criteria.sessionId 
= sessionId;
[7m   [0m [91m              
         ~~~~~~~~[0m
[96msrc/modules/examination/se
rvices/score-entry.service.ts[
0m:[93m101[0m:[93m24[0m - 
[91merror[0m[90m TS2300: 
[0mDuplicate identifier 
'criteria'.

[7m101[0m         if 
(sessionId) criteria.sessionId 
= sessionId;
[7m   [0m [91m              
         ~~~~~~~~[0m
[96msrc/modules/examination/se
rvices/score-entry.service.ts[
0m:[93m101[0m:[93m32[0m - 
[91merror[0m[90m TS1068: 
[0mUnexpected token. A 
constructor, method, accessor, 
or property was expected.

[7m101[0m         if 
(sessionId) criteria.sessionId 
= sessionId;
[7m   [0m [91m              
                 ~[0m
[96msrc/modules/examination/se
rvices/score-entry.service.ts[
0m:[93m101[0m:[93m33[0m - 
[91merror[0m[90m TS2300: 
[0mDuplicate identifier 
'sessionId'.

[7m101[0m         if 
(sessionId) criteria.sessionId 
= sessionId;
[7m   [0m [91m              
                  ~~~~~~~~~[0m
[96msrc/modules/examination/se
rvices/score-entry.service.ts[
0m:[93m101[0m:[93m45[0m - 
[91merror[0m[90m TS2663: 
[0mCannot find name 
'sessionId'. Did you mean the 
instance member 
'this.sessionId'?

[7m101[0m         if 
(sessionId) criteria.sessionId 
= sessionId;
[7m   [0m [91m              
                              
~~~~~~~~~[0m
[96msrc/modules/examination/se
rvices/score-entry.service.ts[
0m:[93m102[0m:[93m13[0m - 
[91merror[0m[90m TS7006: 
[0mParameter 
'assessmentTypeId' implicitly 
has an 'any' type.

[7m102[0m         if 
(assessmentTypeId) {
[7m   [0m [91m            
~~~~~~~~~~~~~~~~[0m
[96msrc/modules/examination/se
rvices/score-entry.service.ts[
0m:[93m103[0m:[93m13[0m - 
[91merror[0m[90m TS2663: 
[0mCannot find name 
'criteria'. Did you mean the 
instance member 
'this.criteria'?

[7m103[0m             
criteria.assessmentTypeId = 
assessmentTypeId;
[7m   [0m [91m            
~~~~~~~~[0m
[96msrc/modules/examination/se
rvices/score-entry.service.ts[
0m:[93m106[0m:[93m9[0m - 
[91merror[0m[90m TS1068: 
[0mUnexpected token. A 
constructor, method, accessor, 
or property was expected.

[7m106[0m         return 
this.examResultRepo.find({
[7m   [0m [91m        
~~~~~~[0m
[96msrc/modules/examination/se
rvices/score-entry.service.ts[
0m:[93m106[0m:[93m16[0m - 
[91merror[0m[90m TS2532: 
[0mObject is possibly 
'undefined'.

[7m106[0m         return 
this.examResultRepo.find({
[7m   [0m [91m              
 ~~~~[0m
[96msrc/modules/examination/se
rvices/score-entry.service.ts[
0m:[93m110[0m:[93m5[0m - 
[91merror[0m[90m TS1128: 
[0mDeclaration or statement 
expected.

[7m110[0m     }
[7m   [0m [91m    ~[0m
[96msrc/modules/examination/se
rvices/score-entry.service.ts[
0m:[93m112[0m:[93m5[0m - 
[91merror[0m[90m TS1434: 
[0mUnexpected keyword or 
identifier.

[7m112[0m     async 
getClassMarks(classId: string, 
examGroupId: string, tenantId: 
string) {
[7m   [0m [91m    ~~~~~[0m
[96msrc/modules/examination/se
rvices/score-entry.service.ts[
0m:[93m112[0m:[93m5[0m - 
[91merror[0m[90m TS2304: 
[0mCannot find name 'async'.

[7m112[0m     async 
getClassMarks(classId: string, 
examGroupId: string, tenantId: 
string) {
[7m   [0m [91m    ~~~~~[0m
[96msrc/modules/examination/se
rvices/score-entry.service.ts[
0m:[93m112[0m:[93m11[0m - 
[91merror[0m[90m TS2304: 
[0mCannot find name 
'getClassMarks'.

[7m112[0m     async 
getClassMarks(classId: string, 
examGroupId: string, tenantId: 
string) {
[7m   [0m [91m          
~~~~~~~~~~~~~[0m
[96msrc/modules/examination/se
rvices/score-entry.service.ts[
0m:[93m112[0m:[93m25[0m - 
[91merror[0m[90m TS2304: 
[0mCannot find name 'classId'.

[7m112[0m     async 
getClassMarks(classId: string, 
examGroupId: string, tenantId: 
string) {
[7m   [0m [91m              
          ~~~~~~~[0m
[96msrc/modules/examination/se
rvices/score-entry.service.ts[
0m:[93m112[0m:[93m32[0m - 
[91merror[0m[90m TS1005: 
[0m',' expected.

[7m112[0m     async 
getClassMarks(classId: string, 
examGroupId: string, tenantId: 
string) {
[7m   [0m [91m              
                 ~[0m
[96msrc/modules/examination/se
rvices/score-entry.service.ts[
0m:[93m112[0m:[93m34[0m - 
[91merror[0m[90m TS2693: 
[0m'string' only refers to a 
type, but is being used as a 
value here.

[7m112[0m     async 
getClassMarks(classId: string, 
examGroupId: string, tenantId: 
string) {
[7m   [0m [91m              
                   ~~~~~~[0m
[96msrc/modules/examination/se
rvices/score-entry.service.ts[
0m:[93m112[0m:[93m42[0m - 
[91merror[0m[90m TS2304: 
[0mCannot find name 
'examGroupId'.

[7m112[0m     async 
getClassMarks(classId: string, 
examGroupId: string, tenantId: 
string) {
[7m   [0m [91m              
                           
~~~~~~~~~~~[0m
[96msrc/modules/examination/se
rvices/score-entry.service.ts[
0m:[93m112[0m:[93m53[0m - 
[91merror[0m[90m TS1005: 
[0m',' expected.

[7m112[0m     async 
getClassMarks(classId: string, 
examGroupId: string, tenantId: 
string) {
[7m   [0m [91m              
                               
       ~[0m
[96msrc/modules/examination/se
rvices/score-entry.service.ts[
0m:[93m112[0m:[93m55[0m - 
[91merror[0m[90m TS2693: 
[0m'string' only refers to a 
type, but is being used as a 
value here.

[7m112[0m     async 
getClassMarks(classId: string, 
examGroupId: string, tenantId: 
string) {
[7m   [0m [91m              
                               
         ~~~~~~[0m
[96msrc/modules/examination/se
rvices/score-entry.service.ts[
0m:[93m112[0m:[93m63[0m - 
[91merror[0m[90m TS2304: 
[0mCannot find name 
'tenantId'.

[7m112[0m     async 
getClassMarks(classId: string, 
examGroupId: string, tenantId: 
string) {
[7m   [0m [91m              
                               
                 ~~~~~~~~[0m
[96msrc/modules/examination/se
rvices/score-entry.service.ts[
0m:[93m112[0m:[93m71[0m - 
[91merror[0m[90m TS1005: 
[0m',' expected.

[7m112[0m     async 
getClassMarks(classId: string, 
examGroupId: string, tenantId: 
string) {
[7m   [0m [91m              
                               
                         ~[0m
[96msrc/modules/examination/se
rvices/score-entry.service.ts[
0m:[93m112[0m:[93m73[0m - 
[91merror[0m[90m TS2693: 
[0m'string' only refers to a 
type, but is being used as a 
value here.

[7m112[0m     async 
getClassMarks(classId: string, 
examGroupId: string, tenantId: 
string) {
[7m   [0m [91m              
                               
                           
~~~~~~[0m
[96msrc/modules/examination/se
rvices/score-entry.service.ts[
0m:[93m112[0m:[93m81[0m - 
[91merror[0m[90m TS1005: 
[0m';' expected.

[7m112[0m     async 
getClassMarks(classId: string, 
examGroupId: string, tenantId: 
string) {
[7m   [0m [91m              
                               
                               
    ~[0m
[96msrc/modules/examination/se
rvices/score-entry.service.ts[
0m:[93m113[0m:[93m33[0m - 
[91merror[0m[90m TS2532: 
[0mObject is possibly 
'undefined'.

[7m113[0m         const 
sessionId = await this.systemSe
ttingsService.getActiveSessionI
d();
[7m   [0m [91m              
                  ~~~~[0m
[96msrc/modules/examination/se
rvices/score-entry.service.ts[
0m:[93m114[0m:[93m30[0m - 
[91merror[0m[90m TS18004: 
[0mNo value exists in scope 
for the shorthand property 
'classId'. Either declare one 
or provide an initializer.

[7m114[0m         const 
where: any = { classId, 
examGroupId, tenantId };
[7m   [0m [91m              
               ~~~~~~~[0m
[96msrc/modules/examination/se
rvices/score-entry.service.ts[
0m:[93m114[0m:[93m39[0m - 
[91merror[0m[90m TS18004: 
[0mNo value exists in scope 
for the shorthand property 
'examGroupId'. Either declare 
one or provide an initializer.

[7m114[0m         const 
where: any = { classId, 
examGroupId, tenantId };
[7m   [0m [91m              
                        
~~~~~~~~~~~[0m
[96msrc/modules/examination/se
rvices/score-entry.service.ts[
0m:[93m114[0m:[93m52[0m - 
[91merror[0m[90m TS18004: 
[0mNo value exists in scope 
for the shorthand property 
'tenantId'. Either declare one 
or provide an initializer.

[7m114[0m         const 
where: any = { classId, 
examGroupId, tenantId };
[7m   [0m [91m              
                               
      ~~~~~~~~[0m
[96msrc/modules/examination/se
rvices/score-entry.service.ts[
0m:[93m117[0m:[93m16[0m - 
[91merror[0m[90m TS2532: 
[0mObject is possibly 
'undefined'.

[7m117[0m         return 
this.examResultRepo.find({
[7m   [0m [91m              
 ~~~~[0m
[96msrc/modules/examination/se
rvices/score-entry.service.ts[
0m:[93m124[0m:[93m5[0m - 
[91merror[0m[90m TS1434: 
[0mUnexpected keyword or 
identifier.

[7m124[0m     async 
saveSkills(dto: SaveSkillsDto, 
tenantId: string) {
[7m   [0m [91m    ~~~~~[0m
[96msrc/modules/examination/se
rvices/score-entry.service.ts[
0m:[93m124[0m:[93m5[0m - 
[91merror[0m[90m TS2304: 
[0mCannot find name 'async'.

[7m124[0m     async 
saveSkills(dto: SaveSkillsDto, 
tenantId: string) {
[7m   [0m [91m    ~~~~~[0m
[96msrc/modules/examination/se
rvices/score-entry.service.ts[
0m:[93m124[0m:[93m11[0m - 
[91merror[0m[90m TS2304: 
[0mCannot find name 
'saveSkills'.

[7m124[0m     async 
saveSkills(dto: SaveSkillsDto, 
tenantId: string) {
[7m   [0m [91m          
~~~~~~~~~~[0m
[96msrc/modules/examination/se
rvices/score-entry.service.ts[
0m:[93m124[0m:[93m22[0m - 
[91merror[0m[90m TS2304: 
[0mCannot find name 'dto'.

[7m124[0m     async 
saveSkills(dto: SaveSkillsDto, 
tenantId: string) {
[7m   [0m [91m              
       ~~~[0m
[96msrc/modules/examination/se
rvices/score-entry.service.ts[
0m:[93m124[0m:[93m25[0m - 
[91merror[0m[90m TS1005: 
[0m',' expected.

[7m124[0m     async 
saveSkills(dto: SaveSkillsDto, 
tenantId: string) {
[7m   [0m [91m              
          ~[0m
[96msrc/modules/examination/se
rvices/score-entry.service.ts[
0m:[93m124[0m:[93m42[0m - 
[91merror[0m[90m TS2304: 
[0mCannot find name 
'tenantId'.

[7m124[0m     async 
saveSkills(dto: SaveSkillsDto, 
tenantId: string) {
[7m   [0m [91m              
                           
~~~~~~~~[0m
[96msrc/modules/examination/se
rvices/score-entry.service.ts[
0m:[93m124[0m:[93m50[0m - 
[91merror[0m[90m TS1005: 
[0m',' expected.

[7m124[0m     async 
saveSkills(dto: SaveSkillsDto, 
tenantId: string) {
[7m   [0m [91m              
                               
    ~[0m
[96msrc/modules/examination/se
rvices/score-entry.service.ts[
0m:[93m124[0m:[93m52[0m - 
[91merror[0m[90m TS2693: 
[0m'string' only refers to a 
type, but is being used as a 
value here.

[7m124[0m     async 
saveSkills(dto: SaveSkillsDto, 
tenantId: string) {
[7m   [0m [91m              
                               
      ~~~~~~[0m
[96msrc/modules/examination/se
rvices/score-entry.service.ts[
0m:[93m124[0m:[93m60[0m - 
[91merror[0m[90m TS1005: 
[0m';' expected.

[7m124[0m     async 
saveSkills(dto: SaveSkillsDto, 
tenantId: string) {
[7m   [0m [91m              
                               
              ~[0m
[96msrc/modules/examination/se
rvices/score-entry.service.ts[
0m:[93m126[0m:[93m29[0m - 
[91merror[0m[90m TS2304: 
[0mCannot find name 'dto'.

[7m126[0m         for (const 
entry of dto.skills) {
[7m   [0m [91m              
              ~~~[0m
[96msrc/modules/examination/se
rvices/score-entry.service.ts[
0m:[93m127[0m:[93m31[0m - 
[91merror[0m[90m TS2532: 
[0mObject is possibly 
'undefined'.

[7m127[0m             let 
skill = await 
this.studentSkillRepo.findOne({
[7m   [0m [91m              
                ~~~~[0m
[96msrc/modules/examination/se
rvices/score-entry.service.ts[
0m:[93m130[0m:[93m34[0m - 
[91merror[0m[90m TS2304: 
[0mCannot find name 'dto'.

[7m130[0m                    
 examGroupId: dto.examGroupId,
[7m   [0m [91m              
                   ~~~[0m
[96msrc/modules/examination/se
rvices/score-entry.service.ts[
0m:[93m132[0m:[93m21[0m - 
[91merror[0m[90m TS18004: 
[0mNo value exists in scope 
for the shorthand property 
'tenantId'. Either declare one 
or provide an initializer.

[7m132[0m                    
 tenantId
[7m   [0m [91m              
      ~~~~~~~~[0m
[96msrc/modules/examination/se
rvices/score-entry.service.ts[
0m:[93m137[0m:[93m25[0m - 
[91merror[0m[90m TS2532: 
[0mObject is possibly 
'undefined'.

[7m137[0m                 
skill = 
this.studentSkillRepo.create({
[7m   [0m [91m              
          ~~~~[0m
[96msrc/modules/examination/se
rvices/score-entry.service.ts[
0m:[93m139[0m:[93m34[0m - 
[91merror[0m[90m TS2304: 
[0mCannot find name 'dto'.

[7m139[0m                    
 examGroupId: dto.examGroupId,
[7m   [0m [91m              
                   ~~~[0m
[96msrc/modules/examination/se
rvices/score-entry.service.ts[
0m:[93m141[0m:[93m21[0m - 
[91merror[0m[90m TS18004: 
[0mNo value exists in scope 
for the shorthand property 
'tenantId'. Either declare one 
or provide an initializer.

[7m141[0m                    
 tenantId
[7m   [0m [91m              
      ~~~~~~~~[0m
[96msrc/modules/examination/se
rvices/score-entry.service.ts[
0m:[93m146[0m:[93m36[0m - 
[91merror[0m[90m TS2532: 
[0mObject is possibly 
'undefined'.

[7m146[0m             
savedSkills.push(await this.stu
dentSkillRepo.save(skill));
[7m   [0m [91m              
                     ~~~~[0m
[96msrc/modules/examination/se
rvices/score-entry.service.ts[
0m:[93m150[0m:[93m5[0m - 
[91merror[0m[90m TS1434: 
[0mUnexpected keyword or 
identifier.

[7m150[0m     async 
getSkills(examGroupId: string, 
tenantId: string) {
[7m   [0m [91m    ~~~~~[0m
[96msrc/modules/examination/se
rvices/score-entry.service.ts[
0m:[93m150[0m:[93m5[0m - 
[91merror[0m[90m TS2304: 
[0mCannot find name 'async'.

[7m150[0m     async 
getSkills(examGroupId: string, 
tenantId: string) {
[7m   [0m [91m    ~~~~~[0m
[96msrc/modules/examination/se
rvices/score-entry.service.ts[
0m:[93m150[0m:[93m11[0m - 
[91merror[0m[90m TS2304: 
[0mCannot find name 
'getSkills'.

[7m150[0m     async 
getSkills(examGroupId: string, 
tenantId: string) {
[7m   [0m [91m          
~~~~~~~~~[0m
[96msrc/modules/examination/se
rvices/score-entry.service.ts[
0m:[93m150[0m:[93m21[0m - 
[91merror[0m[90m TS2304: 
[0mCannot find name 
'examGroupId'.

[7m150[0m     async 
getSkills(examGroupId: string, 
tenantId: string) {
[7m   [0m [91m              
      ~~~~~~~~~~~[0m
[96msrc/modules/examination/se
rvices/score-entry.service.ts[
0m:[93m150[0m:[93m32[0m - 
[91merror[0m[90m TS1005: 
[0m',' expected.

[7m150[0m     async 
getSkills(examGroupId: string, 
tenantId: string) {
[7m   [0m [91m              
                 ~[0m
[96msrc/modules/examination/se
rvices/score-entry.service.ts[
0m:[93m150[0m:[93m34[0m - 
[91merror[0m[90m TS2693: 
[0m'string' only refers to a 
type, but is being used as a 
value here.

[7m150[0m     async 
getSkills(examGroupId: string, 
tenantId: string) {
[7m   [0m [91m              
                   ~~~~~~[0m
[96msrc/modules/examination/se
rvices/score-entry.service.ts[
0m:[93m150[0m:[93m42[0m - 
[91merror[0m[90m TS2304: 
[0mCannot find name 
'tenantId'.

[7m150[0m     async 
getSkills(examGroupId: string, 
tenantId: string) {
[7m   [0m [91m              
                           
~~~~~~~~[0m
[96msrc/modules/examination/se
rvices/score-entry.service.ts[
0m:[93m150[0m:[93m50[0m - 
[91merror[0m[90m TS1005: 
[0m',' expected.

[7m150[0m     async 
getSkills(examGroupId: string, 
tenantId: string) {
[7m   [0m [91m              
                               
    ~[0m
[96msrc/modules/examination/se
rvices/score-entry.service.ts[
0m:[93m150[0m:[93m52[0m - 
[91merror[0m[90m TS2693: 
[0m'string' only refers to a 
type, but is being used as a 
value here.

[7m150[0m     async 
getSkills(examGroupId: string, 
tenantId: string) {
[7m   [0m [91m              
                               
      ~~~~~~[0m
[96msrc/modules/examination/se
rvices/score-entry.service.ts[
0m:[93m150[0m:[93m60[0m - 
[91merror[0m[90m TS1005: 
[0m';' expected.

[7m150[0m     async 
getSkills(examGroupId: string, 
tenantId: string) {
[7m   [0m [91m              
                               
              ~[0m
[96msrc/modules/examination/se
rvices/score-entry.service.ts[
0m:[93m151[0m:[93m16[0m - 
[91merror[0m[90m TS2532: 
[0mObject is possibly 
'undefined'.

[7m151[0m         return 
this.studentSkillRepo.find({
[7m   [0m [91m              
 ~~~~[0m
[96msrc/modules/examination/se
rvices/score-entry.service.ts[
0m:[93m157[0m:[93m5[0m - 
[91merror[0m[90m TS1434: 
[0mUnexpected keyword or 
identifier.

[7m157[0m     async 
savePsychomotor(dto: 
SavePsychomotorDto, tenantId: 
string) {
[7m   [0m [91m    ~~~~~[0m
[96msrc/modules/examination/se
rvices/score-entry.service.ts[
0m:[93m157[0m:[93m5[0m - 
[91merror[0m[90m TS2304: 
[0mCannot find name 'async'.

[7m157[0m     async 
savePsychomotor(dto: 
SavePsychomotorDto, tenantId: 
string) {
[7m   [0m [91m    ~~~~~[0m
[96msrc/modules/examination/se
rvices/score-entry.service.ts[
0m:[93m157[0m:[93m11[0m - 
[91merror[0m[90m TS2304: 
[0mCannot find name 
'savePsychomotor'.

[7m157[0m     async 
savePsychomotor(dto: 
SavePsychomotorDto, tenantId: 
string) {
[7m   [0m [91m          
~~~~~~~~~~~~~~~[0m
[96msrc/modules/examination/se
rvices/score-entry.service.ts[
0m:[93m157[0m:[93m27[0m - 
[91merror[0m[90m TS2304: 
[0mCannot find name 'dto'.

[7m157[0m     async 
savePsychomotor(dto: 
SavePsychomotorDto, tenantId: 
string) {
[7m   [0m [91m              
            ~~~[0m
[96msrc/modules/examination/se
rvices/score-entry.service.ts[
0m:[93m157[0m:[93m30[0m - 
[91merror[0m[90m TS1005: 
[0m',' expected.

[7m157[0m     async 
savePsychomotor(dto: 
SavePsychomotorDto, tenantId: 
string) {
[7m   [0m [91m              
               ~[0m
[96msrc/modules/examination/se
rvices/score-entry.service.ts[
0m:[93m157[0m:[93m52[0m - 
[91merror[0m[90m TS2304: 
[0mCannot find name 
'tenantId'.

[7m157[0m     async 
savePsychomotor(dto: 
SavePsychomotorDto, tenantId: 
string) {
[7m   [0m [91m              
                               
      ~~~~~~~~[0m
[96msrc/modules/examination/se
rvices/score-entry.service.ts[
0m:[93m157[0m:[93m60[0m - 
[91merror[0m[90m TS1005: 
[0m',' expected.

[7m157[0m     async 
savePsychomotor(dto: 
SavePsychomotorDto, tenantId: 
string) {
[7m   [0m [91m              
                               
              ~[0m
[96msrc/modules/examination/se
rvices/score-entry.service.ts[
0m:[93m157[0m:[93m62[0m - 
[91merror[0m[90m TS2693: 
[0m'string' only refers to a 
type, but is being used as a 
value here.

[7m157[0m     async 
savePsychomotor(dto: 
SavePsychomotorDto, tenantId: 
string) {
[7m   [0m [91m              
                               
                ~~~~~~[0m
[96msrc/modules/examination/se
rvices/score-entry.service.ts[
0m:[93m157[0m:[93m70[0m - 
[91merror[0m[90m TS1005: 
[0m';' expected.

[7m157[0m     async 
savePsychomotor(dto: 
SavePsychomotorDto, tenantId: 
string) {
[7m   [0m [91m              
                               
                        ~[0m
[96msrc/modules/examination/se
rvices/score-entry.service.ts[
0m:[93m159[0m:[93m29[0m - 
[91merror[0m[90m TS2304: 
[0mCannot find name 'dto'.

[7m159[0m         for (const 
entry of dto.ratings) {
[7m   [0m [91m              
              ~~~[0m
[96msrc/modules/examination/se
rvices/score-entry.service.ts[
0m:[93m160[0m:[93m32[0m - 
[91merror[0m[90m TS2532: 
[0mObject is possibly 
'undefined'.

[7m160[0m             let 
record = await this.studentPsyc
homotorRepo.findOne({
[7m   [0m [91m              
                 ~~~~[0m
[96msrc/modules/examination/se
rvices/score-entry.service.ts[
0m:[93m163[0m:[93m34[0m - 
[91merror[0m[90m TS2304: 
[0mCannot find name 'dto'.

[7m163[0m                    
 examGroupId: dto.examGroupId,
[7m   [0m [91m              
                   ~~~[0m
[96msrc/modules/examination/se
rvices/score-entry.service.ts[
0m:[93m165[0m:[93m21[0m - 
[91merror[0m[90m TS18004: 
[0mNo value exists in scope 
for the shorthand property 
'tenantId'. Either declare one 
or provide an initializer.

Found 99 error(s).

[7m165[0m                    
 tenantId
[7m   [0m [91m              
      ~~~~~~~~[0m
[96msrc/modules/examination/se
rvices/score-entry.service.ts[
0m:[93m170[0m:[93m26[0m - 
[91merror[0m[90m TS2532: 
[0mObject is possibly 
'undefined'.

[7m170[0m                 
record = this.studentPsychomoto
rRepo.create({
[7m   [0m [91m              
           ~~~~[0m
[96msrc/modules/examination/se
rvices/score-entry.service.ts[
0m:[93m172[0m:[93m34[0m - 
[91merror[0m[90m TS2304: 
[0mCannot find name 'dto'.

[7m172[0m                    
 examGroupId: dto.examGroupId,
[7m   [0m [91m              
                   ~~~[0m
[96msrc/modules/examination/se
rvices/score-entry.service.ts[
0m:[93m174[0m:[93m21[0m - 
[91merror[0m[90m TS18004: 
[0mNo value exists in scope 
for the shorthand property 
'tenantId'. Either declare one 
or provide an initializer.

[7m174[0m                    
 tenantId
[7m   [0m [91m              
      ~~~~~~~~[0m
[96msrc/modules/examination/se
rvices/score-entry.service.ts[
0m:[93m179[0m:[93m30[0m - 
[91merror[0m[90m TS2532: 
[0mObject is possibly 
'undefined'.

[7m179[0m             
saved.push(await this.studentPs
ychomotorRepo.save(record));
[7m   [0m [91m              
               ~~~~[0m
[96msrc/modules/examination/se
rvices/score-entry.service.ts[
0m:[93m184[0m:[93m5[0m - 
[91merror[0m[90m TS1434: 
[0mUnexpected keyword or 
identifier.

[7m184[0m     async 
getPsychomotor(examGroupId: 
string, tenantId: string) {
[7m   [0m [91m    ~~~~~[0m
[96msrc/modules/examination/se
rvices/score-entry.service.ts[
0m:[93m184[0m:[93m5[0m - 
[91merror[0m[90m TS2304: 
[0mCannot find name 'async'.

[7m184[0m     async 
getPsychomotor(examGroupId: 
string, tenantId: string) {
[7m   [0m [91m    ~~~~~[0m
[96msrc/modules/examination/se
rvices/score-entry.service.ts[
0m:[93m184[0m:[93m11[0m - 
[91merror[0m[90m TS2304: 
[0mCannot find name 
'getPsychomotor'.

[7m184[0m     async 
getPsychomotor(examGroupId: 
string, tenantId: string) {
[7m   [0m [91m          
~~~~~~~~~~~~~~[0m
[96msrc/modules/examination/se
rvices/score-entry.service.ts[
0m:[93m184[0m:[93m26[0m - 
[91merror[0m[90m TS2304: 
[0mCannot find name 
'examGroupId'.

[7m184[0m     async 
getPsychomotor(examGroupId: 
string, tenantId: string) {
[7m   [0m [91m              
           ~~~~~~~~~~~[0m
[96msrc/modules/examination/se
rvices/score-entry.service.ts[
0m:[93m184[0m:[93m37[0m - 
[91merror[0m[90m TS1005: 
[0m',' expected.

[7m184[0m     async 
getPsychomotor(examGroupId: 
string, tenantId: string) {
[7m   [0m [91m              
                      ~[0m
[96msrc/modules/examination/se
rvices/score-entry.service.ts[
0m:[93m184[0m:[93m39[0m - 
[91merror[0m[90m TS2693: 
[0m'string' only refers to a 
type, but is being used as a 
value here.

[7m184[0m     async 
getPsychomotor(examGroupId: 
string, tenantId: string) {
[7m   [0m [91m              
                        
~~~~~~[0m
[96msrc/modules/examination/se
rvices/score-entry.service.ts[
0m:[93m184[0m:[93m47[0m - 
[91merror[0m[90m TS2304: 
[0mCannot find name 
'tenantId'.

[7m184[0m     async 
getPsychomotor(examGroupId: 
string, tenantId: string) {
[7m   [0m [91m              
                               
 ~~~~~~~~[0m
[96msrc/modules/examination/se
rvices/score-entry.service.ts[
0m:[93m184[0m:[93m55[0m - 
[91merror[0m[90m TS1005: 
[0m',' expected.

[7m184[0m     async 
getPsychomotor(examGroupId: 
string, tenantId: string) {
[7m   [0m [91m              
                               
         ~[0m
[96msrc/modules/examination/se
rvices/score-entry.service.ts[
0m:[93m184[0m:[93m57[0m - 
[91merror[0m[90m TS2693: 
[0m'string' only refers to a 
type, but is being used as a 
value here.

[7m184[0m     async 
getPsychomotor(examGroupId: 
string, tenantId: string) {
[7m   [0m [91m              
                               
           ~~~~~~[0m
[96msrc/modules/examination/se
rvices/score-entry.service.ts[
0m:[93m184[0m:[93m65[0m - 
[91merror[0m[90m TS1005: 
[0m';' expected.

[7m184[0m     async 
getPsychomotor(examGroupId: 
string, tenantId: string) {
[7m   [0m [91m              
                               
                   ~[0m
[96msrc/modules/examination/se
rvices/score-entry.service.ts[
0m:[93m185[0m:[93m16[0m - 
[91merror[0m[90m TS2532: 
[0mObject is possibly 
'undefined'.

[7m185[0m         return this
.studentPsychomotorRepo.find({
[7m   [0m [91m              
 ~~~~[0m
[96msrc/modules/examination/se
rvices/score-entry.service.ts[
0m:[93m189[0m:[93m1[0m - 
[91merror[0m[90m TS1128: 
[0mDeclaration or statement 
expected.

[7m189[0m }
[7m   [0m [91m~[0m

